// Jest Snapshot v1, https://goo.gl/fbAQLP

exports[`Weather app matches snapshot 1`] = `
<div>
  <section>
    <h1>
      Cities
    </h1>
    <nav>
      <ul>
        <li>
          <a
            href="/weather/Philadelphia"
            onClick={[Function]}
          >
            Philadelphia
          </a>
        </li>
        <li>
          <a
            href="/weather/Boston"
            onClick={[Function]}
          >
            Boston
          </a>
        </li>
        <li>
          <a
            href="/weather/Mumbai"
            onClick={[Function]}
          >
            Mumbai
          </a>
        </li>
        <li>
          <a
            href="/weather/Dakar"
            onClick={[Function]}
          >
            Dakar
          </a>
        </li>
        <li>
          <a
            href="/weather/Shanghai"
            onClick={[Function]}
          >
            Shanghai
          </a>
        </li>
        <li>
          <a
            href="/weather/London"
            onClick={[Function]}
          >
            London
          </a>
        </li>
        <li>
          <a
            href="/weather/Montreal"
            onClick={[Function]}
          >
            Montreal
          </a>
        </li>
        <li>
          <a
            href="/weather/Paris"
            onClick={[Function]}
          >
            Paris
          </a>
        </li>
        <li>
          <a
            href="/custom/"
            onClick={[Function]}
          >
            Enter a city
          </a>
        </li>
      </ul>
    </nav>
    <article>
      <div
        className="App"
      >
        <label
          htmlFor="a"
        >
           
          Name:
          <input
            name="name"
            onChange={[Function]}
            type="text"
          />
        </label>
        <button
          onClick={[Function]}
          type="button"
        >
          Login
        </button>
      </div>
    </article>
  </section>
</div>
`;
